// Jest Snapshot v1, https://goo.gl/fbAQLP

exports[`crm/create-contact/sendgrid CreateContact should perform successfully 1`] = `
Object {
  "value": Object {
    "id": null,
  },
}
`;

exports[`crm/create-contact/sendgrid CreateContact should return error if email is missing 1`] = `
Object {
  "error": "HTTPError: Expected HTTP error
AST Path: definitions[0].statements[0]
Original Map Location: Line 5, column 3",
}
`;
