// Jest Snapshot v1, https://goo.gl/fbAQLP

exports[`payments/get-plan/mock GetPlan when plan exists gets a plan 1`] = `
Object {
  "currency": "USD",
  "interval": "month",
  "name": "Monthly subscription to Superface milk delivery",
  "price": 25,
  "productId": "PROD-1192810198",
  "state": "active",
}
`;
