// Jest Snapshot v1, https://goo.gl/fbAQLP

exports[`payments/get-plan/stripe GetPlan when plan exists gets a plan 1`] = `
Object {
  "currency": "usd",
  "interval": "month",
  "name": "Temporary Plan",
  "price": 1234,
  "productId": "prod_Mg9GWtIKWdXJaU",
  "state": "active",
}
`;
