// Jest Snapshot v1, https://goo.gl/fbAQLP

exports[`vcs/pull-request/github} PullRequest should map error 1`] = `
Object {
  "error": "HTTPError: Expected HTTP error
Properites: {
  \\"message\\": \\"API rate limit exceeded for 78.80.97.139. (But here's the good news: Authenticated requests get a higher rate limit. Check out the documentation for more details.)\\",
  \\"description\\": \\"https://docs.github.com/rest/overview/resources-in-the-rest-api#rate-limiting\\",
  \\"statusCode\\": 403
}
AST Path: definitions[0].statements[3].responseHandlers[0].statements[1]
Original Map Location: Line 20, column 7",
}
`;

exports[`vcs/pull-request/github} PullRequest should perform successfully 1`] = `
Object {
  "error": "HTTPError: Expected HTTP error
Properites: {
  \\"message\\": \\"API rate limit exceeded for 78.80.97.139. (But here's the good news: Authenticated requests get a higher rate limit. Check out the documentation for more details.)\\",
  \\"description\\": \\"https://docs.github.com/rest/overview/resources-in-the-rest-api#rate-limiting\\",
  \\"statusCode\\": 403
}
AST Path: definitions[0].statements[3].responseHandlers[0].statements[1]
Original Map Location: Line 20, column 7",
}
`;
