// Jest Snapshot v1, https://goo.gl/fbAQLP

exports[`payments/create-plan/paypal CreatePlan when all inputs are correct creates a plan for a product 1`] = `
Object {
  "id": "P-69E87546G1239230MMNL7U6A",
  "state": "active",
}
`;
