// Jest Snapshot v1, https://goo.gl/fbAQLP

exports[`communication/send-message/slack performs correctly 1`] = `
Ok {
  "value": Object {
    "destination": "C0247EMPJNP",
    "messageId": "1636451981.000100",
  },
}
`;
