// Jest Snapshot v1, https://goo.gl/fbAQLP

exports[`payments/create-product/paypal CreateProduct when all inputs are correct creates a product 1`] = `
Object {
  "id": "PROD-4N174200XH811150C",
  "url": undefined,
}
`;
