// Jest Snapshot v1, https://goo.gl/fbAQLP

exports[`payments/list-plans/paypal ListPlans when all inputs are correct creates a product 1`] = `
Array [
  Object {
    "description": undefined,
    "id": "P-93A89720EH2805823MMCOEXA",
    "name": "SF Product Plan2 Test",
    "status": "active",
  },
  Object {
    "description": undefined,
    "id": "P-4LL47537WS368873CMNL5RIQ",
    "name": "A Man, A Plan, A Canal, Panama",
    "status": "active",
  },
  Object {
    "description": undefined,
    "id": "P-81C807936W806461MMNL5WPI",
    "name": "Temporary Plan",
    "status": "active",
  },
  Object {
    "description": undefined,
    "id": "P-33181233MX9434727MNL527Q",
    "name": "Temporary Plan",
    "status": "active",
  },
  Object {
    "description": undefined,
    "id": "P-4T2021393V162640UMNL542Q",
    "name": "A Man, A Plan, A Canal, Panama",
    "status": "active",
  },
  Object {
    "description": undefined,
    "id": "P-8BP83749DX1276913MNL543Y",
    "name": "Temporary Plan",
    "status": "active",
  },
  Object {
    "description": undefined,
    "id": "P-0D711587F53555351MNL544Q",
    "name": "Temporary Plan",
    "status": "active",
  },
  Object {
    "description": undefined,
    "id": "P-3LT7030409116243HMNL55ZQ",
    "name": "Temporary Plan",
    "status": "active",
  },
  Object {
    "description": undefined,
    "id": "P-0JM51553F7564313SMNL56EA",
    "name": "Temporary Plan",
    "status": "active",
  },
  Object {
    "description": undefined,
    "id": "P-8TA67877MA7018457MNL56EI",
    "name": "Temporary Plan",
    "status": "active",
  },
  Object {
    "description": undefined,
    "id": "P-99E41931B87104605MNL56EQ",
    "name": "A Man, A Plan, A Canal, Panama",
    "status": "active",
  },
  Object {
    "description": undefined,
    "id": "P-5ED3030358439130WMNL6CRQ",
    "name": "Temporary Plan",
    "status": "active",
  },
  Object {
    "description": undefined,
    "id": "P-67Y4163325526170EMNL6CRY",
    "name": "Temporary Plan",
    "status": "active",
  },
]
`;
