// Jest Snapshot v1, https://goo.gl/fbAQLP

exports[`payments/list-plans/stripe ListPlans when all inputs are correct creates a product 1`] = `
Array [
  Object {
    "id": "price_1LwodKGkdIyBfLnZ12NX05vs",
    "name": "A Man, A Plan, A Canal, Panama",
    "status": "active",
  },
  Object {
    "id": "price_1LwodJGkdIyBfLnZLEliA6wN",
    "name": "Temporary Plan",
    "status": "active",
  },
  Object {
    "id": "price_1LwodJGkdIyBfLnZqwMV2nK2",
    "name": "Temporary Plan",
    "status": "active",
  },
  Object {
    "id": "price_1LwoczGkdIyBfLnZ67aLtcI6",
    "name": "Temporary Plan",
    "status": "active",
  },
  Object {
    "id": "price_1LwoczGkdIyBfLnZuxilSKsl",
    "name": "A Man, A Plan, A Canal, Panama",
    "status": "active",
  },
  Object {
    "id": "price_1LwoczGkdIyBfLnZqgdIYIVM",
    "name": "Temporary Plan",
    "status": "active",
  },
  Object {
    "id": "price_1LwoLvGkdIyBfLnZvCH1Lz6M",
    "name": "A Man, A Plan, A Canal, Panama",
    "status": "active",
  },
  Object {
    "id": "price_1LwoLtGkdIyBfLnZ1ZcaYPIK",
    "name": "Temporary Plan",
    "status": "active",
  },
  Object {
    "id": "price_1LwoLtGkdIyBfLnZdVMTQnwd",
    "name": "Temporary Plan",
    "status": "active",
  },
  Object {
    "id": "price_1LwoK6GkdIyBfLnZ6fhhNKn9",
    "name": "A Man, A Plan, A Canal, Panama",
    "status": "active",
  },
  Object {
    "id": "price_1LwoK5GkdIyBfLnZ6vtWLAI5",
    "name": "Temporary Plan",
    "status": "active",
  },
  Object {
    "id": "price_1LwoK5GkdIyBfLnZAqh9Bys1",
    "name": "Temporary Plan",
    "status": "active",
  },
  Object {
    "id": "price_1Lwn89GkdIyBfLnZP5DRcDMI",
    "name": "A Man, A Plan, A Canal, Panama",
    "status": "active",
  },
  Object {
    "id": "price_1Lwn87GkdIyBfLnZLSpB5cRs",
    "name": "Temporary Plan",
    "status": "active",
  },
  Object {
    "id": "price_1Lwn87GkdIyBfLnZpU6J0kbf",
    "name": "Temporary Plan",
    "status": "active",
  },
  Object {
    "id": "price_1LwmxxGkdIyBfLnZS5y2duzL",
    "name": "A Man, A Plan, A Canal, Panama",
    "status": "active",
  },
  Object {
    "id": "price_1LwmxuGkdIyBfLnZcX4g4ULA",
    "name": "Temporary Plan",
    "status": "active",
  },
  Object {
    "id": "price_1LwmxuGkdIyBfLnZ0GRfu5xc",
    "name": "Temporary Plan",
    "status": "active",
  },
  Object {
    "id": "price_1LwmxcGkdIyBfLnZKvQuplsF",
    "name": "Temporary Plan",
    "status": "active",
  },
  Object {
    "id": "price_1LwmwmGkdIyBfLnZajkoCvev",
    "name": "SF Product Plan2 Test",
    "status": "active",
  },
  Object {
    "id": "price_1LwmwdGkdIyBfLnZNPq6t75y",
    "name": "SF Product Plan2 Test",
    "status": "active",
  },
  Object {
    "id": "price_1LwmvtGkdIyBfLnZ8BZw1QIF",
    "name": "Temporary Plan",
    "status": "active",
  },
  Object {
    "id": "price_1LwmrsGkdIyBfLnZlvOqADeo",
    "name": "Temporary Plan",
    "status": "active",
  },
  Object {
    "id": "price_1LwmrEGkdIyBfLnZl6ePt3nA",
    "name": "Temporary Plan",
    "status": "active",
  },
  Object {
    "id": "price_1LwmooGkdIyBfLnZLFCA1O4v",
    "name": "A Man, A Plan, A Canal, Panama",
    "status": "active",
  },
  Object {
    "id": "price_1LwmomGkdIyBfLnZ15kjcWUH",
    "name": "Temporary Plan",
    "status": "active",
  },
  Object {
    "id": "price_1LwmomGkdIyBfLnZEnjuxAKD",
    "name": "Temporary Plan",
    "status": "active",
  },
  Object {
    "id": "price_1LwmmEGkdIyBfLnZ3lScdkTt",
    "name": "Temporary Plan",
    "status": "active",
  },
  Object {
    "id": "price_1Lwmm9GkdIyBfLnZLAehCfAz",
    "name": "Temporary Plan",
    "status": "active",
  },
  Object {
    "id": "price_1Lwmm6GkdIyBfLnZQytQapK9",
    "name": "A Man, A Plan, A Canal, Panama",
    "status": "active",
  },
  Object {
    "id": "price_1LwmiIGkdIyBfLnZzKO88ZYe",
    "name": "Temporary Plan",
    "status": "active",
  },
  Object {
    "id": "price_1LwmYzGkdIyBfLnZqBSHV74e",
    "name": "Temporary Plan",
    "status": "active",
  },
  Object {
    "id": "price_1LwmOEGkdIyBfLnZhzPCfeyp",
    "name": "A Man, A Plan, A Canal, Panama",
    "status": "active",
  },
]
`;
