// Jest Snapshot v1, https://goo.gl/fbAQLP

exports[`weather/current-city/wttr-in GetCurrentWeatherInCity when all inputs are correct returns a weather data 1`] = `
Object {
  "description": "Light rain",
  "feelsLike": 4,
  "temperature": 7,
}
`;
