// Jest Snapshot v1, https://goo.gl/fbAQLP

exports[`navigation/nearby-poi/overpass-de find nearby pois should find astronomy cafe 1`] = `
Ok {
  "value": Array [
    Object {
      "categories": Array [
        "CAFE",
      ],
      "coordinates": Object {
        "latitude": 51.476838,
        "longitude": -0.0006877,
      },
      "name": "Astronomy Caf√©",
    },
  ],
}
`;
