// Jest Snapshot v1, https://goo.gl/fbAQLP

exports[`social-media/publishing-profiles/instagram GetProfilesForPublishing when access token is valid should return profiles 1`] = `
Ok {
  "value": Object {
    "profiles": Array [
      Object {
        "id": "17841450841275119",
        "imageUrl": "https://scontent.fprg5-1.fna.fbcdn.net/v/t51.2885-15/271344010_301017881962514_1451837659598750738_n.jpg?_nc_cat=106&ccb=1-5&_nc_sid=86c713&_nc_ohc=VQj84EQYZaIAX9aEvrX&_nc_ht=scontent.fprg5-1.fna&edm=AJdBtusEAAAA&oh=00_AT9Z8kEXiOxuFpFRWCSwtyn3rvvxF4fHHBdv95Z6frAmHQ&oe=625CE75A",
        "name": "SF Test",
        "username": "sftest23894729",
      },
    ],
  },
}
`;
