// Jest Snapshot v1, https://goo.gl/fbAQLP

exports[`crm/contacts/hubspot Create should perform successfully 1`] = `
Object {
  "value": Object {
    "id": "351",
  },
}
`;
