// Jest Snapshot v1, https://goo.gl/fbAQLP

exports[`payments/delete-product/stripe DeleteProduct when all inputs are correct deletes a product 1`] = `undefined`;
