// Jest Snapshot v1, https://goo.gl/fbAQLP

exports[`vcs/single-file-content/gitlab SingleFileContent should map error 1`] = `
Err {
  "error": "HTTPError: Expected HTTP error
Properites: {
  \\"message\\": \\"404 Commit Not Found\\",
  \\"statusCode\\": 404
}
AST Path: definitions[0].statements[3].responseHandlers[0].statements[1]
Original Map Location: Line 19, column 7",
}
`;

exports[`vcs/single-file-content/gitlab SingleFileContent should perform successfully 1`] = `
Ok {
  "value": Object {
    "content": "MQojIGVtcHR5LXRlc3QKdGhpcyBpcyBlbXB0eSByZXBvCg==",
    "encoding": "base64",
    "size": 34,
  },
}
`;
