// Jest Snapshot v1, https://goo.gl/fbAQLP

exports[`speech/recognize/assemblyai SpeechToTextRecognition when inputs are invalid should throw an exception 1`] = `
Err {
  "error": "MappedError: Expected error
Properties: {
  \\"title\\": \\"assemblyai provider supports only Global English (English and all of its accents)\\"
}
AST Path: definitions[0].statements[4]
Original Map Location: Line 16, column 3",
}
`;

exports[`speech/recognize/assemblyai SpeechToTextRecognition when speech encoded in linear pcm wav should convert speech to text 1`] = `
Ok {
  "value": Object {
    "results": Array [
      Object {
        "alternatives": Array [
          Object {
            "confidence": 0.97,
            "transcript": "hello world",
          },
        ],
      },
    ],
  },
}
`;
