// Jest Snapshot v1, https://goo.gl/fbAQLP

exports[`recruitment/create-candidate/greenhouse CreateCandidate when specified job does exist when valid inputs passed performs correctly 1`] = `
Ok {
  "value": Object {
    "id": "5884696006",
    "jobId": "4031896006",
  },
}
`;

exports[`recruitment/create-candidate/greenhouse CreateCandidate when specified job does not exist returns error 1`] = `
Err {
  "error": "MappedHTTPError: Expected HTTP error
Properties: {
  \\"title\\": \\"Unprocessable Entity\\",
  \\"detail\\": {
    \\"errors\\": [
      {
        \\"message\\": \\"A job with this id does not exist.\\",
        \\"field\\": \\"job_id\\"
      }
    ]
  },
  \\"code\\": \\"BadRequest\\"
}
AST Path: definitions[0].statements[1].responseHandlers[2].statements[0]
Original Map Location: Line 73, column 7",
}
`;

exports[`recruitment/create-candidate/greenhouse CreateCandidateFeatures returns valid greenhouse features 1`] = `
Ok {
  "value": Object {
    "cvMIMETypes": Array [
      "application/atom+xml",
      "application/javascript",
      "application/json",
      "application/msgpack",
      "application/msword",
      "application/pdf",
      "application/rss+xml",
      "application/vnd.ms-excel",
      "application/vnd.openxmlformats-officedocument.spreadsheetml.sheet",
      "application/vnd.openxmlformats-officedocument.wordprocessingml.document",
      "application/vnd.ms-powerpoint",
      "application/xml",
      "application/x-www-form-urlencoded",
      "application/x-yaml",
      "application/zip",
      "multipart/form-data",
      "image/bmp",
      "image/gif",
      "image/jpeg",
      "image/png",
      "image/tiff",
      "text/calendar",
      "text/css",
      "text/csv",
      "text/html",
      "text/javascript",
      "text/plain",
      "text/vcard",
      "video/mpeg",
    ],
    "cvUploadMethods": Array [
      "url",
      "file",
    ],
  },
}
`;
