// Jest Snapshot v1, https://goo.gl/fbAQLP

exports[`crm/lists/hubspot GetLists GetLists returns all lists 1`] = `
Object {
  "lists": Array [
    Object {
      "length": 0,
      "listId": "1",
      "name": "test list",
    },
  ],
  "nextPage": undefined,
}
`;
