// Jest Snapshot v1, https://goo.gl/fbAQLP

exports[`payments/create-subscription/paypal CreateSubscription when all inputs are correct creates a subscription for a product 1`] = `
Object {
  "id": "I-8UXFU61581GN",
  "status": "pending",
}
`;
