// Jest Snapshot v1, https://goo.gl/fbAQLP

exports[`communication/send-templated-email/mailgun SendTemplatedEmail when all inputs are correct should return messageId as result 1`] = `
Object {
  "value": Object {
    "messageId": "<20211103112326.1.701865F1F9FD7C61@demo.superface.org>",
  },
}
`;

exports[`communication/send-templated-email/mailgun SendTemplatedEmail when inputs are invalid should throw error 1`] = `
Object {
  "error": "HTTPError: Expected HTTP error
Properites: {
  \\"title\\": \\"Invalid inputs\\",
  \\"detail\\": \\"'from' parameter is not a valid address. please check documentation\\"
}
AST Path: definitions[0].statements[0].responseHandlers[1].statements[0]
Original Map Location: Line 27, column 7",
}
`;
